// Jest Snapshot v1, https://goo.gl/fbAQLP

exports[`Home page matches snapshot 1`] = `
<DocumentFragment>
  <div
    class="MuiBox-root MuiBox-root-4 makeStyles-backgroundImage-1"
  >
    <header
      class="MuiBox-root MuiBox-root-5"
    >
      <img
        alt="Hello Moon"
        height="113"
        src="/hellomoon.svg"
        width="256"
      />
    </header>
    <a
      aria-disabled="false"
      class="MuiButtonBase-root MuiButton-root WithStyles(ForwardRef(Button))-root-6 MuiButton-outlined"
      href="https://game.hellomoon.nl"
      tabindex="0"
    >
      <span
        class="MuiButton-label"
      >
        Explore the alpha version!
      </span>
      <span
        class="MuiTouchRipple-root"
      />
    </a>
  </div>
  <section
    class="MuiBox-root MuiBox-root-7"
  >
    <div
      class="MuiContainer-root MuiContainer-maxWidthSm"
    >
      <h2>
        Story
      </h2>
      <p>
        Sadly, a major world war will soon end in a nuclear fight. Everything on earth will be completely destroyed. Luckily EnoughSpace Inc. was able to colonize the moon by building a major shell around it! Now, do you want to buy a ticket and live in peace?
      </p>
      <div
        class="MuiBox-root MuiBox-root-8"
      >
        <a
          aria-disabled="false"
          class="MuiButtonBase-root MuiButton-root MuiButton-contained MuiButton-containedPrimary"
          href="https://game.hellomoon.nl"
          tabindex="0"
        >
          <span
            class="MuiButton-label"
          >
            Yes, let's play!
          </span>
          <span
            class="MuiTouchRipple-root"
          />
        </a>
      </div>
    </div>
  </section>
  <section
    class="MuiBox-root MuiBox-root-9"
  >
    <h2>
      Features
    </h2>
    <div
      class="MuiContainer-root MuiContainer-maxWidthLg"
    >
      <div
        class="MuiGrid-root MuiGrid-container MuiGrid-spacing-xs-3"
      >
        <div
          class="MuiGrid-root MuiGrid-item MuiGrid-grid-xs-6 MuiGrid-grid-sm-4"
        >
          <svg
            aria-hidden="true"
            class="svg-inline--fa fa-user-friends fa-w-20 fa-fw fa-3x makeStyles-squareIcon-10"
            data-icon="user-friends"
            data-prefix="fas"
            focusable="false"
            role="img"
            viewBox="0 0 640 512"
            xmlns="http://www.w3.org/2000/svg"
          >
            <path
              d="M192 256c61.9 0 112-50.1 112-112S253.9 32 192 32 80 82.1 80 144s50.1 112 112 112zm76.8 32h-8.3c-20.8 10-43.9 16-68.5 16s-47.6-6-68.5-16h-8.3C51.6 288 0 339.6 0 403.2V432c0 26.5 21.5 48 48 48h288c26.5 0 48-21.5 48-48v-28.8c0-63.6-51.6-115.2-115.2-115.2zM480 256c53 0 96-43 96-96s-43-96-96-96-96 43-96 96 43 96 96 96zm48 32h-3.8c-13.9 4.8-28.6 8-44.2 8s-30.3-3.2-44.2-8H432c-20.4 0-39.2 5.9-55.7 15.4 24.4 26.3 39.7 61.2 39.7 99.8v38.4c0 2.2-.5 4.3-.6 6.4H592c26.5 0 48-21.5 48-48 0-61.9-50.1-112-112-112z"
              fill="currentColor"
            />
          </svg>
          <h3>
            Social
          </h3>
          <p>
            Find new friends and work together!
          </p>
        </div>
        <div
          class="MuiGrid-root MuiGrid-item MuiGrid-grid-xs-6 MuiGrid-grid-sm-4"
        >
          <svg
            aria-hidden="true"
            class="svg-inline--fa fa-money-bill fa-w-20 fa-fw fa-3x makeStyles-squareIcon-10"
            data-icon="money-bill"
            data-prefix="fas"
            focusable="false"
            role="img"
            viewBox="0 0 640 512"
            xmlns="http://www.w3.org/2000/svg"
          >
            <path
              d="M608 64H32C14.33 64 0 78.33 0 96v320c0 17.67 14.33 32 32 32h576c17.67 0 32-14.33 32-32V96c0-17.67-14.33-32-32-32zM48 400v-64c35.35 0 64 28.65 64 64H48zm0-224v-64h64c0 35.35-28.65 64-64 64zm272 176c-44.19 0-80-42.99-80-96 0-53.02 35.82-96 80-96s80 42.98 80 96c0 53.03-35.83 96-80 96zm272 48h-64c0-35.35 28.65-64 64-64v64zm0-224c-35.35 0-64-28.65-64-64h64v64z"
              fill="currentColor"
            />
          </svg>
          <h3>
            Economy
          </h3>
          <p>
            Earn money by working for other players and build your own business.
          </p>
        </div>
        <div
          class="MuiGrid-root MuiGrid-item MuiGrid-grid-xs-6 MuiGrid-grid-sm-4"
        >
          <svg
            aria-hidden="true"
            class="svg-inline--fa fa-heartbeat fa-w-16 fa-fw fa-3x makeStyles-squareIcon-10"
            data-icon="heartbeat"
            data-prefix="fas"
            focusable="false"
            role="img"
            viewBox="0 0 512 512"
            xmlns="http://www.w3.org/2000/svg"
          >
            <path
              d="M320.2 243.8l-49.7 99.4c-6 12.1-23.4 11.7-28.9-.6l-56.9-126.3-30 71.7H60.6l182.5 186.5c7.1 7.3 18.6 7.3 25.7 0L451.4 288H342.3l-22.1-44.2zM473.7 73.9l-2.4-2.5c-51.5-52.6-135.8-52.6-187.4 0L256 100l-27.9-28.5c-51.5-52.7-135.9-52.7-187.4 0l-2.4 2.4C-10.4 123.7-12.5 203 31 256h102.4l35.9-86.2c5.4-12.9 23.6-13.2 29.4-.4l58.2 129.3 49-97.9c5.9-11.8 22.7-11.8 28.6 0l27.6 55.2H481c43.5-53 41.4-132.3-7.3-182.1z"
              fill="currentColor"
            />
          </svg>
          <h3>
            Life
          </h3>
          <p>
            Eat, drink, sleep to stay alive.
          </p>
        </div>
      </div>
    </div>
  </section>
  <section
    class="MuiBox-root MuiBox-root-11"
  >
    <div
      class="MuiContainer-root MuiContainer-maxWidthSm"
    >
      <h2>
        Development
      </h2>
      <p>
        This game is currently under development and will be available to play as soon as possible. All code is open-source and open for Pull Requests. Please subscribe to our YouTube channel to keep updated!
      </p>
      <div
        class="MuiBox-root MuiBox-root-12"
      >
        <a
          aria-disabled="false"
          class="MuiButtonBase-root MuiButton-root MuiButton-outlined MuiButton-outlinedPrimary"
          href="https://github.com/HelloMoonGame"
          rel="noreferrer"
          tabindex="0"
          target="_blank"
        >
          <span
            class="MuiButton-label"
          >
            View source at GitHub
          </span>
          <span
            class="MuiTouchRipple-root"
          />
        </a>
         
        <a
          aria-disabled="false"
          class="MuiButtonBase-root MuiButton-root MuiButton-outlined MuiButton-outlinedSecondary"
          href="https://www.youtube.com/channel/UCLmFLctb6jsUP-YIc3yhfCw"
          rel="noreferrer"
          tabindex="0"
          target="_blank"
        >
          <span
            class="MuiButton-label"
          >
            Follow development at YouTube
          </span>
          <span
            class="MuiTouchRipple-root"
          />
        </a>
      </div>
    </div>
  </section>
  <footer
    class="MuiBox-root MuiBox-root-13 makeStyles-footer-3"
  >
    © 2020 Hello Moon
  </footer>
</DocumentFragment>
`;
